[2026-06-17 10:59:33] [INFO]    [OmnipathR] Welcome to OmnipathR!
[2026-06-17 10:59:33] [TRACE]   [OmnipathR] Reading JSON from `/home/yohanlefol/.cache/OmnipathR/cache.json` (encoding: UTF-8).
[2026-06-17 10:59:33] [TRACE]   [OmnipathR] JSON validation successful: TRUE
[2026-06-17 10:59:33] [INFO]    [OmnipathR] Initialized cache: `/home/yohanlefol/.cache/OmnipathR`.
[2026-06-17 10:59:33] [TRACE]   [OmnipathR] Reading JSON from `/usr/local/lib/R/site-library/OmnipathR/db/db_def.json` (encoding: UTF-8).
[2026-06-17 10:59:33] [TRACE]   [OmnipathR] JSON validation successful: TRUE
[2026-06-17 10:59:33] [TRACE]   [OmnipathR] Reading JSON from `/usr/local/lib/R/site-library/OmnipathR/internal/magic_bytes.json` (encoding: UTF-8).
[2026-06-17 10:59:33] [TRACE]   [OmnipathR] JSON validation successful: TRUE
[2026-06-17 10:59:34] [TRACE]   [OmnipathR] Reading JSON from `/usr/local/lib/R/site-library/OmnipathR/internal/urls.json` (encoding: UTF-8).
[2026-06-17 10:59:34] [TRACE]   [OmnipathR] JSON validation successful: TRUE
[2026-06-17 10:59:34] [TRACE]   [OmnipathR] Reading JSON from `/usr/local/lib/R/site-library/OmnipathR/internal/id_types.json` (encoding: UTF-8).
[2026-06-17 10:59:34] [TRACE]   [OmnipathR] JSON validation successful: TRUE
[2026-06-17 10:59:42] [INFO]    [OmnipathR] Welcome to OmnipathR!
[2026-06-17 10:59:42] [TRACE]   [OmnipathR] Reading JSON from `/home/yohanlefol/.cache/OmnipathR/cache.json` (encoding: UTF-8).
[2026-06-17 10:59:42] [TRACE]   [OmnipathR] JSON validation successful: TRUE
[2026-06-17 10:59:42] [INFO]    [OmnipathR] Initialized cache: `/home/yohanlefol/.cache/OmnipathR`.
[2026-06-17 10:59:42] [TRACE]   [OmnipathR] Reading JSON from `/usr/local/lib/R/site-library/OmnipathR/db/db_def.json` (encoding: UTF-8).
[2026-06-17 10:59:42] [TRACE]   [OmnipathR] JSON validation successful: TRUE
[2026-06-17 10:59:42] [TRACE]   [OmnipathR] Reading JSON from `/usr/local/lib/R/site-library/OmnipathR/internal/magic_bytes.json` (encoding: UTF-8).
[2026-06-17 10:59:42] [TRACE]   [OmnipathR] JSON validation successful: TRUE
[2026-06-17 10:59:42] [TRACE]   [OmnipathR] Reading JSON from `/usr/local/lib/R/site-library/OmnipathR/internal/urls.json` (encoding: UTF-8).
[2026-06-17 10:59:42] [TRACE]   [OmnipathR] JSON validation successful: TRUE
[2026-06-17 10:59:42] [TRACE]   [OmnipathR] Reading JSON from `/usr/local/lib/R/site-library/OmnipathR/internal/id_types.json` (encoding: UTF-8).
[2026-06-17 10:59:42] [TRACE]   [OmnipathR] JSON validation successful: TRUE
[2026-06-17 10:59:50] [INFO]    [OmnipathR] Welcome to OmnipathR!
[2026-06-17 10:59:50] [TRACE]   [OmnipathR] Reading JSON from `/home/yohanlefol/.cache/OmnipathR/cache.json` (encoding: UTF-8).
[2026-06-17 10:59:50] [TRACE]   [OmnipathR] JSON validation successful: TRUE
[2026-06-17 10:59:50] [INFO]    [OmnipathR] Initialized cache: `/home/yohanlefol/.cache/OmnipathR`.
[2026-06-17 10:59:50] [TRACE]   [OmnipathR] Reading JSON from `/usr/local/lib/R/site-library/OmnipathR/db/db_def.json` (encoding: UTF-8).
[2026-06-17 10:59:50] [TRACE]   [OmnipathR] JSON validation successful: TRUE
[2026-06-17 10:59:50] [TRACE]   [OmnipathR] Reading JSON from `/usr/local/lib/R/site-library/OmnipathR/internal/magic_bytes.json` (encoding: UTF-8).
[2026-06-17 10:59:50] [TRACE]   [OmnipathR] JSON validation successful: TRUE
[2026-06-17 10:59:50] [TRACE]   [OmnipathR] Reading JSON from `/usr/local/lib/R/site-library/OmnipathR/internal/urls.json` (encoding: UTF-8).
[2026-06-17 10:59:50] [TRACE]   [OmnipathR] JSON validation successful: TRUE
[2026-06-17 10:59:50] [TRACE]   [OmnipathR] Reading JSON from `/usr/local/lib/R/site-library/OmnipathR/internal/id_types.json` (encoding: UTF-8).
[2026-06-17 10:59:50] [TRACE]   [OmnipathR] JSON validation successful: TRUE
